
> client@0.0.0 build
> vite build

[36mvite v8.0.3 [32mbuilding client environment for production...[36m[39m
[2K
transforming...Ô£ô 1785 modules transformed.
rendering chunks...
node.exe : [31mÔ£ù[39m Build failed in 730ms
At line:1 char:1
+ & "C:\Program Files\nodejs/node.exe" 
"C:\Program Files\nodejs/node_mo ...
+ ~~~~~~~~~~~~~~~~~~~~~~~~~~~~~~~~~~~~~~~~~~~~~~~~
~~~~~~~~~~~~~~~~~~~~~
    + CategoryInfo          : NotSpecified: ([31 
   mÔ£ù[39m Build failed in 730ms:String) [], R  
  emoteException
    + FullyQualifiedErrorId : NativeCommandError
 
[31merror during build:
[31mBuild failed with 2 errors:

[31m[MISSING_EXPORT] Error:[0m "Instagram" is 
not exported by "node_modules/lucide-react/dist/es
m/lucide-react.js".
   [38;5;246mÔò¡[0m[38;5;246mÔöÇ[0m[38;5;246m
[[0m src/pages/Onboarding.jsx:5:55 
[38;5;246m][0m
   [38;5;246mÔöé[0m
 [38;5;246m5 Ôöé[0m [38;5;249mi[0m[38;5;249mm
[0m[38;5;249mp[0m[38;5;249mo[0m[38;5;249mr[
0m[38;5;249mt[0m[38;5;249m 
[0m[38;5;249m{[0m[38;5;249m [0m[38;5;249mB[
0m[38;5;249mr[0m[38;5;249mi[0m[38;5;249me[0m
[38;5;249mf[0m[38;5;249mc[0m[38;5;249ma[0m[
38;5;249ms[0m[38;5;249me[0m[38;5;249m,[0m[38
;5;249m [0m[38;5;249mV[0m[38;5;249mi[0m[38;5
;249md[0m[38;5;249me[0m[38;5;249mo[0m[38;5;2
49m,[0m[38;5;249m [0m[38;5;249mC[0m[38;5;249
mh[0m[38;5;249me[0m[38;5;249mv[0m[38;5;249mr
[0m[38;5;249mo[0m[38;5;249mn[0m[38;5;249mD[
0m[38;5;249mo[0m[38;5;249mw[0m[38;5;249mn[0m
[38;5;249m,[0m[38;5;249m [0m[38;5;249mC[0m[
38;5;249ma[0m[38;5;249mm[0m[38;5;249me[0m[38
;5;249mr[0m[38;5;249ma[0m[38;5;249m,[0m[38;5
;249m [0m[38;5;249mU[0m[38;5;249ms[0m[38;5;2
49me[0m[38;5;249mr[0m[38;5;249m,[0m[38;5;249
m [0mInstagram[38;5;249m,[0m[38;5;249m [0m[3
8;5;249mG[0m[38;5;249ml[0m[38;5;249mo[0m[38;
5;249mb[0m[38;5;249me[0m[38;5;249m,[0m[38;5;
249m [0m[38;5;249mI[0m[38;5;249mn[0m[38;5;24
9mf[0m[38;5;249mo[0m[38;5;249m,[0m[38;5;249m
 [0m[38;5;249mL[0m[38;5;249mo[0m[38;5;249ma
[0m[38;5;249md[0m[38;5;249me[0m[38;5;249mr[0
m[38;5;249m2[0m[38;5;249m 
[0m[38;5;249m}[0m[38;5;249m [0m[38;5;249mf[
0m[38;5;249mr[0m[38;5;249mo[0m[38;5;249mm[0m
[38;5;249m [0m[38;5;249m"[0m[38;5;249ml[0m[
38;5;249mu[0m[38;5;249mc[0m[38;5;249mi[0m[38
;5;249md[0m[38;5;249me[0m[38;5;249m-[0m[38;5
;249mr[0m[38;5;249me[0m[38;5;249ma[0m[38;5;2
49mc[0m[38;5;249mt[0m[38;5;249m"[0m[38;5;249
m;[0m
 [38;5;240m  Ôöé[0m                             
                          
ÔöÇÔöÇÔöÇÔöÇÔö¼ÔöÇÔöÇÔöÇÔöÇ  
 [38;5;240m  Ôöé[0m                             
                              
Ôò░ÔöÇÔöÇÔöÇÔöÇÔöÇÔöÇ Missing export
[38;5;246mÔöÇÔöÇÔöÇÔò»[0m

[31m[MISSING_EXPORT] Error:[0m "UserEdit" is 
not exported by "node_modules/lucide-react/dist/es
m/lucide-react.js".
   [38;5;246mÔò¡[0m[38;5;246mÔöÇ[0m[38;5;246m
[[0m src/pages/Dashboard.jsx:5:101 
[38;5;246m][0m
   [38;5;246mÔöé[0m
 [38;5;246m5 Ôöé[0m [38;5;249mi[0m[38;5;249mm
[0m[38;5;249mp[0m[38;5;249mo[0m[38;5;249mr[
0m[38;5;249mt[0m[38;5;249m 
[0m[38;5;249m{[0m[38;5;249m [0m[38;5;249mP[
0m[38;5;249ml[0m[38;5;249mu[0m[38;5;249ms[0m
[38;5;249m,[0m[38;5;249m [0m[38;5;249mS[0m[
38;5;249me[0m[38;5;249ma[0m[38;5;249mr[0m[38
;5;249mc[0m[38;5;249mh[0m[38;5;249m,[0m[38;5
;249m [0m[38;5;249mT[0m[38;5;249mr[0m[38;5;2
49me[0m[38;5;249mn[0m[38;5;249md[0m[38;5;249
mi[0m[38;5;249mn[0m[38;5;249mg[0m[38;5;249mU
[0m[38;5;249mp[0m[38;5;249m,[0m[38;5;249m [
0m[38;5;249mC[0m[38;5;249ml[0m[38;5;249mo[0m
[38;5;249mc[0m[38;5;249mk[0m[38;5;249m,[0m[
38;5;249m [0m[38;5;249mC[0m[38;5;249mh[0m[38
;5;249me[0m[38;5;249mc[0m[38;5;249mk[0m[38;5
;249mC[0m[38;5;249mi[0m[38;5;249mr[0m[38;5;2
49mc[0m[38;5;249ml[0m[38;5;249me[0m[38;5;249
m2[0m[38;5;249m,[0m[38;5;249m [0m[38;5;249mC
[0m[38;5;249mh[0m[38;5;249me[0m[38;5;249mv[
0m[38;5;249mr[0m[38;5;249mo[0m[38;5;249mn[0m
[38;5;249mR[0m[38;5;249mi[0m[38;5;249mg[0m[
38;5;249mh[0m[38;5;249mt[0m[38;5;249m,[0m[38
;5;249m [0m[38;5;249mB[0m[38;5;249mr[0m[38;5
;249mi[0m[38;5;249me[0m[38;5;249mf[0m[38;5;2
49mc[0m[38;5;249ma[0m[38;5;249ms[0m[38;5;249
me[0m[38;5;249m,[0m[38;5;249m [0m[38;5;249mV
[0m[38;5;249mi[0m[38;5;249md[0m[38;5;249me[
0m[38;5;249mo[0m[38;5;249m,[0m[38;5;249m [0m
[38;5;249mA[0m[38;5;249mr[0m[38;5;249mr[0m[
38;5;249mo[0m[38;5;249mw[0m[38;5;249mR[0m[38
;5;249mi[0m[38;5;249mg[0m[38;5;249mh[0m[38;5
;249mt[0m[38;5;249m,[0m[38;5;249m 
[0mUserEdit[38;5;249m,[0m[38;5;249m [0m[38;5
;249mE[0m[38;5;249mx[0m[38;5;249mt[0m[38;5;2
49me[0m[38;5;249mr[0m[38;5;249mn[0m[38;5;249
ma[0m[38;5;249ml[0m[38;5;249mL[0m[38;5;249mi
[0m[38;5;249mn[0m[38;5;249mk[0m[38;5;249m,[
0m[38;5;249m [0m[38;5;249mU[0m[38;5;249ms[0m
[38;5;249me[0m[38;5;249mr[0m[38;5;249ms[0m[
38;5;249m [0m[38;5;249m}[0m[38;5;249m [0m[38
;5;249mf[0m[38;5;249mr[0m[38;5;249mo[0m[38;5
;249mm[0m[38;5;249m [0m[38;5;249m"[0m[38;5;2
49ml[0m[38;5;249mu[0m[38;5;249mc[0m[38;5;249
mi[0m[38;5;249md[0m[38;5;249me[0m[38;5;249m-
[0m[38;5;249mr[0m[38;5;249me[0m[38;5;249ma[
0m[38;5;249mc[0m[38;5;249mt[0m[38;5;249m"[0m
[38;5;249m;[0m
 [38;5;240m  Ôöé[0m                             
                                                  
                      ÔöÇÔöÇÔöÇÔöÇÔö¼ÔöÇÔöÇÔöÇ  
 [38;5;240m  Ôöé[0m                             
                                                  
                          Ôò░ÔöÇÔöÇÔöÇÔöÇÔöÇ 
Missing export
[38;5;246mÔöÇÔöÇÔöÇÔò»[0m
[31m
    at aggregateBindingErrorsIntoJsError (file:///
C:/Users/agney/Desktop/agny/Antigraviry/influencer
%20app/client/node_modules/rolldown/dist/shared/er
ror-BLhcSyeg.mjs:48:18)
    at unwrapBindingResult (file:///C:/Users/agney
/Desktop/agny/Antigraviry/influencer%20app/client/
node_modules/rolldown/dist/shared/error-BLhcSyeg.m
js:18:128)
    at #build (file:///C:/Users/agney/Desktop/agny
/Antigraviry/influencer%20app/client/node_modules/
rolldown/dist/shared/rolldown-build-CPrIX9V6.mjs:3
313:34)
    at async buildEnvironment (file:///C:/Users/ag
ney/Desktop/agny/Antigraviry/influencer%20app/clie
nt/node_modules/vite/dist/node/chunks/node.js:3284
9:64)
    at async Object.build (file:///C:/Users/agney/
Desktop/agny/Antigraviry/influencer%20app/client/n
ode_modules/vite/dist/node/chunks/node.js:33271:19
)
    at async Object.buildApp (file:///C:/Users/agn
ey/Desktop/agny/Antigraviry/influencer%20app/clien
t/node_modules/vite/dist/node/chunks/node.js:33268
:153)
    at async CAC.<anonymous> (file:///C:/Users/agn
ey/Desktop/agny/Antigraviry/influencer%20app/clien
t/node_modules/vite/dist/node/cli.js:778:3) {
  errors: [Getter/Setter]
}[39m
